------------------------------------------------------------
TimeQuest Timing Analyzer Summary
------------------------------------------------------------

Type  : Slow 1200mV 85C Model Setup 'clk'
Slack : 9.640
TNS   : 0.000

Type  : Slow 1200mV 85C Model Hold 'clk'
Slack : 0.403
TNS   : 0.000

Type  : Slow 1200mV 85C Model Recovery 'clk'
Slack : 11.184
TNS   : 0.000

Type  : Slow 1200mV 85C Model Removal 'clk'
Slack : 3.403
TNS   : 0.000

Type  : Slow 1200mV 85C Model Minimum Pulse Width 'clk'
Slack : 9.545
TNS   : 0.000

Type  : Slow 1200mV 0C Model Setup 'clk'
Slack : 10.529
TNS   : 0.000

Type  : Slow 1200mV 0C Model Hold 'clk'
Slack : 0.354
TNS   : 0.000

Type  : Slow 1200mV 0C Model Recovery 'clk'
Slack : 11.881
TNS   : 0.000

Type  : Slow 1200mV 0C Model Removal 'clk'
Slack : 3.120
TNS   : 0.000

Type  : Slow 1200mV 0C Model Minimum Pulse Width 'clk'
Slack : 9.510
TNS   : 0.000

Type  : Fast 1200mV 0C Model Setup 'clk'
Slack : 14.882
TNS   : 0.000

Type  : Fast 1200mV 0C Model Hold 'clk'
Slack : 0.181
TNS   : 0.000

Type  : Fast 1200mV 0C Model Recovery 'clk'
Slack : 15.689
TNS   : 0.000

Type  : Fast 1200mV 0C Model Removal 'clk'
Slack : 1.643
TNS   : 0.000

Type  : Fast 1200mV 0C Model Minimum Pulse Width 'clk'
Slack : 9.214
TNS   : 0.000

------------------------------------------------------------
